Microchip MPLAB XC8 Compiler V2.40

Linker command line:

-W-3 \
  --edf=C:\Program Files\Microchip\xc8\v2.40\pic\dat\20220703182018_en.msgs \
  -cn -h+dist/default/production\Fan_Speed_Controller.X.production.sym \
  --cmf=dist/default/production\Fan_Speed_Controller.X.production.cmf -z \
  -Q18F4620 -oC:\Users\Ehab\AppData\Local\Temp\xcAs100c.4 \
  --defsym=__MPLAB_BUILD=1 --fixupoverflow=error \
  -Mdist/default/production/Fan_Speed_Controller.X.production.map \
  --md=C:\Users\Ehab\AppData\Local\Temp\xcAs100c.dat -E1 -ver=XC8 Compiler \
  --acfsm=1493 -ACODE=00h-0FFFFh -ACONST=00h-0FFFFh \
  -ASMALLCONST=01000h-010FFhx240 -AMEDIUMCONST=01000h-0FFFFh \
  -ACOMRAM=01h-07Fh -AABS1=00h-0F7Fh -ABIGRAM=01h-0F7Fh \
  -ARAM=080h-0FFh,0100h-01FFhx14,0F00h-0F7Fh -ABANK0=080h-0FFh \
  -ABANK1=0100h-01FFh -ABANK2=0200h-02FFh -ABANK3=0300h-03FFh \
  -ABANK4=0400h-04FFh -ABANK5=0500h-05FFh -ABANK6=0600h-06FFh \
  -ABANK7=0700h-07FFh -ABANK8=0800h-08FFh -ABANK9=0900h-09FFh \
  -ABANK10=0A00h-0AFFh -ABANK11=0B00h-0BFFh -ABANK12=0C00h-0CFFh \
  -ABANK13=0D00h-0DFFh -ABANK14=0E00h-0EFFh -ABANK15=0F00h-0F7Fh \
  -ASFR=0F80h-0FFFh -ABIGSFR=0F80h-0FFFh -ACONFIG=0300000h-030000Dh \
  -AIDLOC=0200000h-0200007h -AEEDATA=0F00000h-0F003FFh -peeprom_data=EEDATA \
  -preset_vec=00h,intcode,intcodelo,powerup,init -pramtop=01000h \
  -psmallconst=SMALLCONST -pmediumconst=MEDIUMCONST -pconst=CONST \
  -AFARRAM=00h-00h \
  -prdata=COMRAM,nvrram=COMRAM,nvbit=COMRAM,rbss=COMRAM,rbit=COMRAM \
  -pfarbss=FARRAM,fardata=FARRAM,nvFARRAM=FARRAM \
  -pintsave_regs=BIGRAM,bigbss=BIGRAM,bigdata=BIGRAM -pbss=RAM \
  -pidata=CODE,irdata=CODE,ibigdata=CODE,ifardata=CODE -prparam=COMRAM \
  C:\Users\Ehab\AppData\Local\Temp\xcAs100c.o \
  dist/default/production\Fan_Speed_Controller.X.production.o 

Object code version is 3.11

Machine type is 18F4620



                Name                               Link     Load   Length Selector   Space Scale
C:\Users\Ehab\AppData\Local\Temp\xcAs100c.o
                idloc                            200000   200000        8        0       5
                config                           300000   300000        E        0       4
                init                                  0        0        4        0       0
dist/default/production\Fan_Speed_Controller.X.production.o
                idloc                            200000   200000        8        0       5
                config                           300000   300000        E        0       4
                smallconst                         1000     1000       2A      800       0
                text49                             355A     355A       E2      815       0
                text48                             3474     3474       E6      815       0
                text47                             40D0     40D0       34      815       0
                text46                             4160     4160       20      815       0
                text45                             3C42     3C42       74      815       0
                text44                             1CC2     1CC2      39A      815       0
                text43                             14EA     14EA      42A      815       0
                text42                             3184     3184      106      815       0
                text41                             2574     2574      1B4      815       0
                text40                             3066     3066      11E      815       0
                text39                             2CD6     2CD6      144      815       0
                text38                             2E1A     2E1A      12C      815       0
                text37                             3CB6     3CB6       6C      815       0
                text36                             3E88     3E88       4A      815       0
                text35                             3ACC     3ACC       88      815       0
                text34                             2F46     2F46      120      815       0
                text33                             4098     4098       38      815       0
                text32                             4180     4180       1E      815       0
                text31                             363C     363C       CE      815       0
                text30                             37D4     37D4       A4      815       0
                text29                             3D22     3D22       6A      815       0
                text28                             338E     338E       E6      815       0
                text27                             3BCE     3BCE       74      815       0
                text26                             4136     4136       2A      815       0
                text25                             419E     419E        E      815       0
                text24                             3A44     3A44       88      815       0
                text23                             3914     3914       9A      815       0
                text22                             4020     4020       40      815       0
                text21                             39AE     39AE       96      815       0
                text20                             3F5C     3F5C       44      815       0
                text19                             28B0     28B0      176      815       0
                text18                             2728     2728      188      815       0
                text17                             2A26     2A26      164      815       0
                text16                             3FE0     3FE0       40      815       0
                text15                             41B0     41B0        2     20D8       0
                text14                             370A     370A       CA      815       0
                text13                             3F18     3F18       44      815       0
                text12                             3B54     3B54       7A      815       0
                text11                             22F8     22F8      27C      815       0
                text10                             2B8A     2B8A      14C      815       0
                text9                              3E3A     3E3A       4E      815       0
                text8                              3DEC     3DEC       4E      815       0
                text7                              3878     3878       9C      815       0
                text6                              3FA0     3FA0       40      815       0
                text5                              328A     328A      104      815       0
                text4                              4060     4060       38      815       0
                text3                              102A     102A      4C0      815       0
                text2                              3ED2     3ED2       46      815       0
                text1                              1914     1914      3AE      815       0
                text0                              205C     205C      29C      815       0
                cstackCOMRAM                          1        1       70        1       1
                dataBANK0                            80       80       32       80       1
                bssBANK0                             B2       B2       2B       80       1
                dataCOMRAM                           7A       7A        3        1       1
                bssCOMRAM                            71       71        9        1       1
                cinit                              3D8C     3D8C       60      815       0
                nvCOMRAM                             7D       7D        2        1       1
                idataBANK0                         4104     4104       32      815       0
                idataCOMRAM                        41AC     41AC        3      815       0

TOTAL           Name                               Link     Load   Length     Space
        CLASS   CODE           
                init                                  0        0        4         0
                text49                             355A     355A       E2         0
                text48                             3474     3474       E6         0
                text47                             40D0     40D0       34         0
                text46                             4160     4160       20         0
                text45                             3C42     3C42       74         0
                text44                             1CC2     1CC2      39A         0
                text43                             14EA     14EA      42A         0
                text42                             3184     3184      106         0
                text41                             2574     2574      1B4         0
                text40                             3066     3066      11E         0
                text39                             2CD6     2CD6      144         0
                text38                             2E1A     2E1A      12C         0
                text37                             3CB6     3CB6       6C         0
                text36                             3E88     3E88       4A         0
                text35                             3ACC     3ACC       88         0
                text34                             2F46     2F46      120         0
                text33                             4098     4098       38         0
                text32                             4180     4180       1E         0
                text31                             363C     363C       CE         0
                text30                             37D4     37D4       A4         0
                text29                             3D22     3D22       6A         0
                text28                             338E     338E       E6         0
                text27                             3BCE     3BCE       74         0
                text26                             4136     4136       2A         0
                text25                             419E     419E        E         0
                text24                             3A44     3A44       88         0
                text23                             3914     3914       9A         0
                text22                             4020     4020       40         0
                text21                             39AE     39AE       96         0
                text20                             3F5C     3F5C       44         0
                text19                             28B0     28B0      176         0
                text18                             2728     2728      188         0
                text17                             2A26     2A26      164         0
                text16                             3FE0     3FE0       40         0
                text15                             41B0     41B0        2         0
                text14                             370A     370A       CA         0
                text13                             3F18     3F18       44         0
                text12                             3B54     3B54       7A         0
                text11                             22F8     22F8      27C         0
                text10                             2B8A     2B8A      14C         0
                text9                              3E3A     3E3A       4E         0
                text8                              3DEC     3DEC       4E         0
                text7                              3878     3878       9C         0
                text6                              3FA0     3FA0       40         0
                text5                              328A     328A      104         0
                text4                              4060     4060       38         0
                text3                              102A     102A      4C0         0
                text2                              3ED2     3ED2       46         0
                text1                              1914     1914      3AE         0
                text0                              205C     205C      29C         0
                cinit                              3D8C     3D8C       60         0
                idataBANK0                         4104     4104       32         0
                idataCOMRAM                        41AC     41AC        3         0

        CLASS   CONST          

        CLASS   SMALLCONST     
                smallconst                         1000     1000       2A         0

        CLASS   MEDIUMCONST    

        CLASS   COMRAM         
                cstackCOMRAM                          1        1       70         1
                dataCOMRAM                           7A       7A        3         1
                bssCOMRAM                            71       71        9         1
                nvCOMRAM                             7D       7D        2         1

        CLASS   ABS1           

        CLASS   BIGRAM         

        CLASS   RAM            

        CLASS   BANK0          
                dataBANK0                            80       80       32         1
                bssBANK0                             B2       B2       2B         1

        CLASS   BANK1          

        CLASS   BANK2          

        CLASS   BANK3          

        CLASS   BANK4          

        CLASS   BANK5          

        CLASS   BANK6          

        CLASS   BANK7          

        CLASS   BANK8          

        CLASS   BANK9          

        CLASS   BANK10         

        CLASS   BANK11         

        CLASS   BANK12         

        CLASS   BANK13         

        CLASS   BANK14         

        CLASS   BANK15         

        CLASS   SFR            

        CLASS   BIGSFR         

        CLASS   CONFIG         
                config                           300000   300000        E         4

        CLASS   IDLOC          
                idloc                            200000   200000        8         5

        CLASS   EEDATA         

        CLASS   FARRAM         

        CLASS   HEAP           

        CLASS   STACK          



SEGMENTS        Name                           Load    Length   Top    Selector   Space  Class

                reset_vec                      000000  000004  000004         0       0  CODE    
                cstackCOMRAM                   000001  00007E  00007F         1       1  COMRAM  
                dataBANK0                      000080  00005D  0000DD        80       1  BANK0   
                smallconst                     001000  00002A  00102A       800       0  SMALLCON
                text3                          00102A  003185  0041AF       815       0  CODE    
                text15                         0041B0  000002  0041B2      20D8       0  CODE    


UNUSED ADDRESS RANGES

        Name                Unused          Largest block    Delta
        BANK0            0000DD-0000FF               23
        BANK1            000100-0001FF              100
        BANK10           000A00-000AFF              100
        BANK11           000B00-000BFF              100
        BANK12           000C00-000CFF              100
        BANK13           000D00-000DFF              100
        BANK14           000E00-000EFF              100
        BANK15           000F00-000F7F               80
        BANK2            000200-0002FF              100
        BANK3            000300-0003FF              100
        BANK4            000400-0004FF              100
        BANK5            000500-0005FF              100
        BANK6            000600-0006FF              100
        BANK7            000700-0007FF              100
        BANK8            000800-0008FF              100
        BANK9            000900-0009FF              100
        BIGRAM           00007F-00007F                1
                         0000DD-000F7F              EA3
        BIGSFR           000F80-000FFF               80
        CODE             000004-000FFF              FFC
                         0041AF-0041AF                1
                         0041B2-00FFFF             BE4E
        COMRAM           00007F-00007F                1
        CONST            000004-000FFF              FFC
                         0041AF-0041AF                1
                         0041B2-00FFFF             BE4E
        EEDATA           F00000-F003FF              400
        MEDIUMCONST      0041AF-0041AF                1
                         0041B2-00FFFF             BE4E
        RAM              0000DD-000F7F              100
        SFR              000F80-000FFF               80
        SMALLCONST       0041AF-0041AF                1
                         0041B2-00FFFF              100

                                  Symbol Table

?___aodiv                                cstackCOMRAM 000001
?___aomod                                cstackCOMRAM 000001
?___fladd                                cstackCOMRAM 000001
?___fldiv                                cstackCOMRAM 00000F
?___flmul                                cstackCOMRAM 000028
?___flneg                                cstackCOMRAM 000001
?___flsub                                cstackCOMRAM 000011
?___fltol                                cstackCOMRAM 00005B
?___lldiv                                cstackCOMRAM 00000D
?___lmul                                 cstackCOMRAM 000001
?___xxtofl                               cstackCOMRAM 000001
?_abs                                    cstackCOMRAM 000013
?_roundf                                 cstackCOMRAM 000041
?_sprintf                                cstackCOMRAM 000059
?_vfprintf                               cstackCOMRAM 000051
ADC_Configure_Channel_pin@channel        cstackCOMRAM 000003
ADC_Configure_Channel_pin@ret            cstackCOMRAM 000004
ADC_getConversionBlocking@_adc           cstackCOMRAM 00000C
ADC_getConversionBlocking@channel        cstackCOMRAM 00000E
ADC_getConversionBlocking@result         cstackCOMRAM 00000F
ADC_getConversionBlocking@ret            cstackCOMRAM 000011
ADC_getConversionResult@_adc             cstackCOMRAM 000001
ADC_getConversionResult@result           cstackCOMRAM 000003
ADC_getConversionResult@ret              cstackCOMRAM 00000B
ADC_intialize@_adc                       cstackCOMRAM 000005
ADC_intialize@ret                        cstackCOMRAM 000008
ADC_selectChannel@_adc                   cstackCOMRAM 000005
ADC_selectChannel@channel                cstackCOMRAM 000007
ADC_selectChannel@ret                    cstackCOMRAM 000009
ADC_startConversion@_adc                 cstackCOMRAM 000001
ADC_startConversion@ret                  cstackCOMRAM 000003
CCP1_PWM_Intialize@pwm                   cstackCOMRAM 00001A
CCP1_PWM_Intialize@ret                   cstackCOMRAM 000025
CCP1_PWM_Set_Duty@duty                   cstackCOMRAM 00006E
CCP1_PWM_Set_Duty@duty_cycle             cstackCOMRAM 00006C
CCP1_PWM_Set_Duty@ret                    cstackCOMRAM 00006B
_ADCON0bits                              (abs)        000FC2
_ADCON1bits                              (abs)        000FC1
_ADCON2bits                              (abs)        000FC0
_ADC_Configure_Channel_pin               text48       003474
_ADC_getConversionBlocking               text45       003C42
_ADC_getConversionResult                 text49       00355A
_ADC_intialize                           text31       00363C
_ADC_selectChannel                       text47       0040D0
_ADC_startConversion                     text46       004160
_ADRESH                                  (abs)        000FC4
_ADRESL                                  (abs)        000FC3
_CCP1CONbits                             (abs)        000FBD
_CCP1_PWM_Intialize                      text28       00338E
_CCP1_PWM_Intialize$1771                 cstackCOMRAM 000021
_CCP1_PWM_Set_Duty                       text40       003066
_CCP1_PWM_Set_Duty$1772                  cstackCOMRAM 000067
_CCPR1L                                  (abs)        000FBE
_LATA                                    (abs)        000F89
_LATB                                    (abs)        000F8A
_LATC                                    (abs)        000F8B
_LATD                                    (abs)        000F8C
_LATE                                    (abs)        000F8D
_PORTA                                   (abs)        000F80
_PORTC                                   (abs)        000F82
_PORTD                                   (abs)        000F83
_PORTE                                   (abs)        000F84
_PR2                                     (abs)        000FCB
_T2CONbits                               (abs)        000FCA
_TMR2                                    (abs)        000FCC
_TRISA                                   (abs)        000F92
_TRISB                                   (abs)        000F93
_TRISC                                   (abs)        000F94
_TRISCbits                               (abs)        000F94
_TRISD                                   (abs)        000F95
_TRISE                                   (abs)        000F96
__HRAM                                   (abs)        000000
__Habs1                                  abs1         000000
__Hbank0                                 bank0        000000
__Hbank1                                 bank1        000000
__Hbank10                                bank10       000000
__Hbank11                                bank11       000000
__Hbank12                                bank12       000000
__Hbank13                                bank13       000000
__Hbank14                                bank14       000000
__Hbank15                                bank15       000000
__Hbank2                                 bank2        000000
__Hbank3                                 bank3        000000
__Hbank4                                 bank4        000000
__Hbank5                                 bank5        000000
__Hbank6                                 bank6        000000
__Hbank7                                 bank7        000000
__Hbank8                                 bank8        000000
__Hbank9                                 bank9        000000
__Hbigbss                                bigbss       000000
__Hbigdata                               bigdata      000000
__Hbigram                                bigram       000000
__Hbigsfr                                bigsfr       000000
__Hbss                                   bss          000000
__HbssBANK0                              bssBANK0     000000
__HbssCOMRAM                             bssCOMRAM    000000
__Hcinit                                 cinit        000000
__Hclrtext                               clrtext      000000
__Hcomram                                comram       000000
__Hconfig                                config       30000E
__Hconst                                 const        000000
__HcstackCOMRAM                          cstackCOMRAM 000000
__Hdata                                  data         000000
__HdataBANK0                             dataBANK0    000000
__HdataCOMRAM                            dataCOMRAM   000000
__Heeprom_data                           eeprom_data  000000
__Hfarbss                                farbss       000000
__Hfardata                               fardata      000000
__Hheap                                  heap         000000
__Hibigdata                              ibigdata     000000
__Hidata                                 idata        000000
__HidataBANK0                            idataBANK0   000000
__HidataCOMRAM                           idataCOMRAM  000000
__Hidloc                                 idloc        200008
__Hifardata                              ifardata     000000
__Hinit                                  init         000004
__Hintcode                               intcode      000000
__Hintcode_body                          intcode_body 000000
__Hintcodelo                             intcodelo    000000
__Hintentry                              intentry     000000
__Hintret                                intret       000000
__Hintsave_regs                          intsave_regs 000000
__Hirdata                                irdata       000000
__Hmediumconst                           mediumconst  000000
__HnvCOMRAM                              nvCOMRAM     000000
__HnvFARRAM                              nvFARRAM     000000
__Hnvbit                                 nvbit        000000
__Hnvrram                                nvrram       000000
__Hparam                                 rparam       000000
__Hpowerup                               powerup      000000
__Hram                                   ram          000000
__Hramtop                                ramtop       001000
__Hrbit                                  rbit         000000
__Hrbss                                  rbss         000000
__Hrdata                                 rdata        000000
__Hreset_vec                             reset_vec    000000
__Hrparam                                rparam       000000
__Hsfr                                   sfr          000000
__Hsmallconst                            smallconst   00102A
__Hspace_0                               (abs)        0041B2
__Hspace_1                               (abs)        0000DD
__Hspace_2                               (abs)        000000
__Hspace_4                               (abs)        60000E
__Hstack                                 stack        000000
__Hstruct                                struct       000000
__Htemp                                  temp         000000
__Htext                                  text         000000
__Htext0                                 text0        000000
__Htext1                                 text1        000000
__Htext10                                text10       000000
__Htext11                                text11       000000
__Htext12                                text12       000000
__Htext13                                text13       000000
__Htext14                                text14       000000
__Htext15                                text15       000000
__Htext16                                text16       000000
__Htext17                                text17       000000
__Htext18                                text18       000000
__Htext19                                text19       000000
__Htext2                                 text2        000000
__Htext20                                text20       000000
__Htext21                                text21       000000
__Htext22                                text22       000000
__Htext23                                text23       000000
__Htext24                                text24       000000
__Htext25                                text25       000000
__Htext26                                text26       000000
__Htext27                                text27       000000
__Htext28                                text28       000000
__Htext29                                text29       000000
__Htext3                                 text3        000000
__Htext30                                text30       000000
__Htext31                                text31       000000
__Htext32                                text32       000000
__Htext33                                text33       000000
__Htext34                                text34       000000
__Htext35                                text35       000000
__Htext36                                text36       000000
__Htext37                                text37       000000
__Htext38                                text38       000000
__Htext39                                text39       000000
__Htext4                                 text4        000000
__Htext40                                text40       000000
__Htext41                                text41       000000
__Htext42                                text42       000000
__Htext43                                text43       000000
__Htext44                                text44       000000
__Htext45                                text45       000000
__Htext46                                text46       000000
__Htext47                                text47       000000
__Htext48                                text48       000000
__Htext49                                text49       000000
__Htext5                                 text5        000000
__Htext6                                 text6        000000
__Htext7                                 text7        000000
__Htext8                                 text8        000000
__Htext9                                 text9        000000
__LRAM                                   (abs)        000001
__Labs1                                  abs1         000000
__Lbank0                                 bank0        000000
__Lbank1                                 bank1        000000
__Lbank10                                bank10       000000
__Lbank11                                bank11       000000
__Lbank12                                bank12       000000
__Lbank13                                bank13       000000
__Lbank14                                bank14       000000
__Lbank15                                bank15       000000
__Lbank2                                 bank2        000000
__Lbank3                                 bank3        000000
__Lbank4                                 bank4        000000
__Lbank5                                 bank5        000000
__Lbank6                                 bank6        000000
__Lbank7                                 bank7        000000
__Lbank8                                 bank8        000000
__Lbank9                                 bank9        000000
__Lbigbss                                bigbss       000000
__Lbigdata                               bigdata      000000
__Lbigram                                bigram       000000
__Lbigsfr                                bigsfr       000000
__Lbss                                   bss          000000
__LbssBANK0                              bssBANK0     000000
__LbssCOMRAM                             bssCOMRAM    000000
__Lcinit                                 cinit        000000
__Lclrtext                               clrtext      000000
__Lcomram                                comram       000000
__Lconfig                                config       000000
__Lconst                                 const        000000
__LcstackCOMRAM                          cstackCOMRAM 000000
__Ldata                                  data         000000
__LdataBANK0                             dataBANK0    000000
__LdataCOMRAM                            dataCOMRAM   000000
__Leeprom_data                           eeprom_data  000000
__Lfarbss                                farbss       000000
__Lfardata                               fardata      000000
__Lheap                                  heap         000000
__Libigdata                              ibigdata     000000
__Lidata                                 idata        000000
__LidataBANK0                            idataBANK0   000000
__LidataCOMRAM                           idataCOMRAM  000000
__Lidloc                                 idloc        000000
__Lifardata                              ifardata     000000
__Linit                                  init         000000
__Lintcode                               intcode      000000
__Lintcode_body                          intcode_body 000000
__Lintcodelo                             intcodelo    000000
__Lintentry                              intentry     000000
__Lintret                                intret       000000
__Lintsave_regs                          intsave_regs 000000
__Lirdata                                irdata       000000
__Lmediumconst                           mediumconst  000000
__LnvCOMRAM                              nvCOMRAM     000000
__LnvFARRAM                              nvFARRAM     000000
__Lnvbit                                 nvbit        000000
__Lnvrram                                nvrram       000000
__Lparam                                 rparam       000000
__Lpowerup                               powerup      000000
__Lram                                   ram          000000
__Lramtop                                ramtop       001000
__Lrbit                                  rbit         000000
__Lrbss                                  rbss         000000
__Lrdata                                 rdata        000000
__Lreset_vec                             reset_vec    000000
__Lrparam                                rparam       000000
__Lsfr                                   sfr          000000
__Lsmallconst                            smallconst   001000
__Lspace_0                               (abs)        000000
__Lspace_1                               (abs)        000000
__Lspace_2                               (abs)        000000
__Lspace_4                               (abs)        000000
__Lstack                                 stack        000000
__Lstruct                                struct       000000
__Ltemp                                  temp         000000
__Ltext                                  text         000000
__Ltext0                                 text0        000000
__Ltext1                                 text1        000000
__Ltext10                                text10       000000
__Ltext11                                text11       000000
__Ltext12                                text12       000000
__Ltext13                                text13       000000
__Ltext14                                text14       000000
__Ltext15                                text15       000000
__Ltext16                                text16       000000
__Ltext17                                text17       000000
__Ltext18                                text18       000000
__Ltext19                                text19       000000
__Ltext2                                 text2        000000
__Ltext20                                text20       000000
__Ltext21                                text21       000000
__Ltext22                                text22       000000
__Ltext23                                text23       000000
__Ltext24                                text24       000000
__Ltext25                                text25       000000
__Ltext26                                text26       000000
__Ltext27                                text27       000000
__Ltext28                                text28       000000
__Ltext29                                text29       000000
__Ltext3                                 text3        000000
__Ltext30                                text30       000000
__Ltext31                                text31       000000
__Ltext32                                text32       000000
__Ltext33                                text33       000000
__Ltext34                                text34       000000
__Ltext35                                text35       000000
__Ltext36                                text36       000000
__Ltext37                                text37       000000
__Ltext38                                text38       000000
__Ltext39                                text39       000000
__Ltext4                                 text4        000000
__Ltext40                                text40       000000
__Ltext41                                text41       000000
__Ltext42                                text42       000000
__Ltext43                                text43       000000
__Ltext44                                text44       000000
__Ltext45                                text45       000000
__Ltext46                                text46       000000
__Ltext47                                text47       000000
__Ltext48                                text48       000000
__Ltext49                                text49       000000
__Ltext5                                 text5        000000
__Ltext6                                 text6        000000
__Ltext7                                 text7        000000
__Ltext8                                 text8        000000
__Ltext9                                 text9        000000
__S0                                     (abs)        0041B2
__S1                                     (abs)        0000DD
__S4                                     (abs)        000000
__S5                                     (abs)        000000
___aodiv                                 text18       002728
___aodiv@counter                         cstackCOMRAM 000011
___aodiv@dividend                        cstackCOMRAM 000001
___aodiv@divisor                         cstackCOMRAM 000009
___aodiv@quotient                        cstackCOMRAM 000013
___aodiv@sign                            cstackCOMRAM 000012
___aomod                                 text17       002A26
___aomod@counter                         cstackCOMRAM 000011
___aomod@dividend                        cstackCOMRAM 000001
___aomod@divisor                         cstackCOMRAM 000009
___aomod@sign                            cstackCOMRAM 000012
___fladd                                 text3        00102A
___fladd@a                               cstackCOMRAM 000005
___fladd@aexp                            cstackCOMRAM 00000E
___fladd@b                               cstackCOMRAM 000001
___fladd@bexp                            cstackCOMRAM 00000F
___fladd@grs                             cstackCOMRAM 000010
___fladd@signs                           cstackCOMRAM 00000D
___fldiv                                 text44       001CC2
___fldiv@a                               cstackCOMRAM 000013
___fldiv@aexp                            cstackCOMRAM 000027
___fldiv@b                               cstackCOMRAM 00000F
___fldiv@bexp                            cstackCOMRAM 000026
___fldiv@grs                             cstackCOMRAM 000022
___fldiv@new_exp                         cstackCOMRAM 000020
___fldiv@rem                             cstackCOMRAM 00001B
___fldiv@sign                            cstackCOMRAM 00001F
___flge                                  text5        00328A
___flge@ff1                              cstackCOMRAM 000001
___flge@ff2                              cstackCOMRAM 000005
___flmul                                 text43       0014EA
___flmul@a                               cstackCOMRAM 00002C
___flmul@aexp                            cstackCOMRAM 000039
___flmul@b                               cstackCOMRAM 000028
___flmul@bexp                            cstackCOMRAM 00003A
___flmul@grs                             cstackCOMRAM 000035
___flmul@prod                            cstackCOMRAM 00003B
___flmul@sign                            cstackCOMRAM 000034
___flmul@temp                            cstackCOMRAM 00003F
___flneg                                 text4        004060
___flneg@f1                              cstackCOMRAM 000001
___flsub                                 text2        003ED2
___flsub@a                               cstackCOMRAM 000015
___flsub@b                               cstackCOMRAM 000011
___fltol                                 text42       003184
___fltol@exp1                            cstackCOMRAM 000064
___fltol@f1                              cstackCOMRAM 00005B
___fltol@sign1                           cstackCOMRAM 000063
___heap_hi                               (abs)        000000
___heap_lo                               (abs)        000000
___inthi_sp                              stack        000000
___intlo_sp                              stack        000000
___lldiv                                 text30       0037D4
___lldiv@counter                         cstackCOMRAM 000019
___lldiv@dividend                        cstackCOMRAM 00000D
___lldiv@divisor                         cstackCOMRAM 000011
___lldiv@quotient                        cstackCOMRAM 000015
___lmul                                  text29       003D22
___lmul@multiplicand                     cstackCOMRAM 000005
___lmul@multiplier                       cstackCOMRAM 000001
___lmul@product                          cstackCOMRAM 000009
___param_bank                            (abs)        000000
___rparam_used                           (abs)        000001
___sp                                    stack        000000
___xxtofl                                text41       002574
___xxtofl@arg                            cstackCOMRAM 00000B
___xxtofl@exp                            cstackCOMRAM 00000A
___xxtofl@sign                           cstackCOMRAM 000009
___xxtofl@val                            cstackCOMRAM 000001
__accesstop                              (abs)        000080
__activetblptr                           (abs)        000002
__end_of_ADC_Configure_Channel_pin       text48       00355A
__end_of_ADC_getConversionBlocking       text45       003CB6
__end_of_ADC_getConversionResult         text49       00363C
__end_of_ADC_intialize                   text31       00370A
__end_of_ADC_selectChannel               text47       004104
__end_of_ADC_startConversion             text46       004180
__end_of_CCP1_PWM_Intialize              text28       003474
__end_of_CCP1_PWM_Set_Duty               text40       003184
__end_of___aodiv                         text18       0028B0
__end_of___aomod                         text17       002B8A
__end_of___fladd                         text3        0014EA
__end_of___fldiv                         text44       00205C
__end_of___flge                          text5        00338E
__end_of___flmul                         text43       001914
__end_of___flneg                         text4        004098
__end_of___flsub                         text2        003F18
__end_of___fltol                         text42       00328A
__end_of___lldiv                         text30       003878
__end_of___lmul                          text29       003D8C
__end_of___xxtofl                        text41       002728
__end_of__initialization                 cinit        003DE2
__end_of_abs                             text16       004020
__end_of_application_intialize           text25       0041AC
__end_of_dtoa                            text11       002574
__end_of_ecu_layer_int                   text32       00419E
__end_of_fputc                           text14       0037D4
__end_of_fputs                           text13       003F5C
__end_of_gpio_pin_direction_intialize    text39       002E1A
__end_of_gpio_pin_intialize              text37       003D22
__end_of_gpio_pin_write_logic            text38       002F46
__end_of_lcd_8bit_intialize              text34       003066
__end_of_lcd_8bit_send_char              text24       003ACC
__end_of_lcd_8bit_send_char_pos          text22       004060
__end_of_lcd_8bit_send_command           text35       003B54
__end_of_lcd_8bit_send_string            text21       003A44
__end_of_lcd_8bit_send_string_pos        text20       003FA0
__end_of_lcd_8bit_set_cursor             text23       0039AE
__end_of_lcd_convert_byte_to_string      text7        003914
__end_of_main                            text0        0022F8
__end_of_mcal_layer_int                  text26       004160
__end_of_memset                          text19       002A26
__end_of_motor_intialize                 text33       0040D0
__end_of_motor_move                      text6        003FE0
__end_of_pad                             text12       003BCE
__end_of_putch                           text15       0041B2
__end_of_roundf                          text1        001CC2
__end_of_send_8bit_enable_signal         text36       003ED2
__end_of_sprintf                         text8        003E3A
__end_of_timer2_intialize                text27       003C42
__end_of_toint                           smallconst   001005
__end_of_vfpfcnvrt                       text10       002CD6
__end_of_vfprintf                        text9        003E88
__initialization                         cinit        003D8C
__mediumconst                            mediumconst  000000
__pbssBANK0                              bssBANK0     0000B2
__pbssCOMRAM                             bssCOMRAM    000071
__pcinit                                 cinit        003D8C
__pcstackCOMRAM                          cstackCOMRAM 000001
__pdataBANK0                             dataBANK0    000080
__pdataCOMRAM                            dataCOMRAM   00007A
__pidataBANK0                            idataBANK0   004104
__pidataCOMRAM                           idataCOMRAM  0041AC
__pnvCOMRAM                              nvCOMRAM     00007D
__psmallconst                            smallconst   001000
__ptext0                                 text0        00205C
__ptext1                                 text1        001914
__ptext10                                text10       002B8A
__ptext11                                text11       0022F8
__ptext12                                text12       003B54
__ptext13                                text13       003F18
__ptext14                                text14       00370A
__ptext15                                text15       0041B0
__ptext16                                text16       003FE0
__ptext17                                text17       002A26
__ptext18                                text18       002728
__ptext19                                text19       0028B0
__ptext2                                 text2        003ED2
__ptext20                                text20       003F5C
__ptext21                                text21       0039AE
__ptext22                                text22       004020
__ptext23                                text23       003914
__ptext24                                text24       003A44
__ptext25                                text25       00419E
__ptext26                                text26       004136
__ptext27                                text27       003BCE
__ptext28                                text28       00338E
__ptext29                                text29       003D22
__ptext3                                 text3        00102A
__ptext30                                text30       0037D4
__ptext31                                text31       00363C
__ptext32                                text32       004180
__ptext33                                text33       004098
__ptext34                                text34       002F46
__ptext35                                text35       003ACC
__ptext36                                text36       003E88
__ptext37                                text37       003CB6
__ptext38                                text38       002E1A
__ptext39                                text39       002CD6
__ptext4                                 text4        004060
__ptext40                                text40       003066
__ptext41                                text41       002574
__ptext42                                text42       003184
__ptext43                                text43       0014EA
__ptext44                                text44       001CC2
__ptext45                                text45       003C42
__ptext46                                text46       004160
__ptext47                                text47       0040D0
__ptext48                                text48       003474
__ptext49                                text49       00355A
__ptext5                                 text5        00328A
__ptext6                                 text6        003FA0
__ptext7                                 text7        003878
__ptext8                                 text8        003DEC
__ptext9                                 text9        003E3A
__ramtop                                 ramtop       001000
__smallconst                             smallconst   001000
_abs                                     text16       003FE0
_adc                                     dataBANK0    0000AE
_application_intialize                   text25       00419E
_dbuf                                    bssBANK0     0000B6
_dtoa                                    text11       0022F8
_dtoa$1467                               cstackCOMRAM 00002E
_ecu_layer_int                           text32       004180
_flags                                   bssCOMRAM    000075
_fputc                                   text14       00370A
_fputs                                   text13       003F18
_gpio_pin_direction_intialize            text39       002CD6
_gpio_pin_intialize                      text37       003CB6
_gpio_pin_write_logic                    text38       002E1A
_lat_registers                           dataBANK0    000080
_lcd                                     dataBANK0    00009E
_lcd_8bit_intialize                      text34       002F46
_lcd_8bit_send_char                      text24       003A44
_lcd_8bit_send_char_pos                  text22       004020
_lcd_8bit_send_command                   text35       003ACC
_lcd_8bit_send_string                    text21       0039AE
_lcd_8bit_send_string_pos                text20       003F5C
_lcd_8bit_set_cursor                     text23       003914
_lcd_convert_byte_to_string              text7        003878
_lm35_value                              bssCOMRAM    000078
_lm35_value_in_celsuis                   nvCOMRAM     00007D
_lm35_value_text                         bssBANK0     0000D6
_main                                    text0        00205C
_mcal_layer_int                          text26       004136
_memset                                  text19       0028B0
_motor                                   dataCOMRAM   00007B
_motor_intialize                         text33       004098
_motor_move                              text6        003FA0
_pad                                     text12       003B54
_port_registers                          dataBANK0    00008A
_prec                                    bssCOMRAM    000073
_putch                                   text15       0041B0
_pwm                                     dataBANK0    0000A8
_ret                                     dataCOMRAM   00007A
_roundf                                  text1        001914
_roundf$1773                             cstackCOMRAM 00004F
_roundf$1774                             cstackCOMRAM 000049
_send_8bit_enable_signal                 text36       003E88
_sprintf                                 text8        003DEC
_temperature_level                       bssCOMRAM    000076
_timer2                                  bssBANK0     0000DA
_timer2_intialize                        text27       003BCE
_tmr2_preload_value                      bssCOMRAM    000077
_tris_registers                          dataBANK0    000094
_vfpfcnvrt                               text10       002B8A
_vfprintf                                text9        003E3A
_width                                   bssCOMRAM    000071
abs@a                                    cstackCOMRAM 000013
application_intialize@ret                cstackCOMRAM 000027
dtoa@d                                   cstackCOMRAM 00001E
dtoa@fp                                  cstackCOMRAM 00001C
dtoa@i                                   cstackCOMRAM 00003C
dtoa@n                                   cstackCOMRAM 000034
dtoa@p                                   cstackCOMRAM 000030
dtoa@s                                   cstackCOMRAM 00003E
dtoa@w                                   cstackCOMRAM 000032
ecu_layer_int@ret                        cstackCOMRAM 00001D
end_of_initialization                    cinit        003DE2
fputc@c                                  cstackCOMRAM 000001
fputc@fp                                 cstackCOMRAM 000003
fputs@c                                  cstackCOMRAM 00000E
fputs@fp                                 cstackCOMRAM 00000C
fputs@i                                  cstackCOMRAM 00000F
fputs@s                                  cstackCOMRAM 00000A
gpio_pin_direction_intialize@_pin_config cstackCOMRAM 000001
gpio_pin_direction_intialize@ret         cstackCOMRAM 000009
gpio_pin_intialize@_pin_config           cstackCOMRAM 00000B
gpio_pin_intialize@ret                   cstackCOMRAM 00000E
gpio_pin_write_logic@_pin_config         cstackCOMRAM 000001
gpio_pin_write_logic@logic               cstackCOMRAM 000003
gpio_pin_write_logic@ret                 cstackCOMRAM 00000A
intlevel0                                text         000000
intlevel1                                text         000000
intlevel2                                text         000000
intlevel3                                text         000000
isa$std                                  (abs)        000001
isa$xinst                                (abs)        000000
lcd_8bit_intialize@lcd                   cstackCOMRAM 000017
lcd_8bit_intialize@pin                   cstackCOMRAM 00001B
lcd_8bit_intialize@ret                   cstackCOMRAM 00001C
lcd_8bit_send_char@data                  cstackCOMRAM 000010
lcd_8bit_send_char@lcd                   cstackCOMRAM 00000E
lcd_8bit_send_char@line_data_pin         cstackCOMRAM 000016
lcd_8bit_send_char@ret                   cstackCOMRAM 000015
lcd_8bit_send_char_pos@colomn            cstackCOMRAM 000021
lcd_8bit_send_char_pos@data              cstackCOMRAM 000022
lcd_8bit_send_char_pos@lcd               cstackCOMRAM 00001E
lcd_8bit_send_char_pos@ret               cstackCOMRAM 000023
lcd_8bit_send_char_pos@row               cstackCOMRAM 000020
lcd_8bit_send_command@command            cstackCOMRAM 000010
lcd_8bit_send_command@lcd                cstackCOMRAM 00000E
lcd_8bit_send_command@line_data_pin      cstackCOMRAM 000016
lcd_8bit_send_command@ret                cstackCOMRAM 000015
lcd_8bit_send_string@lcd                 cstackCOMRAM 000017
lcd_8bit_send_string@ret                 cstackCOMRAM 00001B
lcd_8bit_send_string@string              cstackCOMRAM 000019
lcd_8bit_send_string_pos@colomn          cstackCOMRAM 000021
lcd_8bit_send_string_pos@lcd             cstackCOMRAM 00001E
lcd_8bit_send_string_pos@ret             cstackCOMRAM 000024
lcd_8bit_send_string_pos@row             cstackCOMRAM 000020
lcd_8bit_send_string_pos@string          cstackCOMRAM 000022
lcd_8bit_set_cursor@colomn               cstackCOMRAM 00001A
lcd_8bit_set_cursor@lcd                  cstackCOMRAM 000017
lcd_8bit_set_cursor@ret                  cstackCOMRAM 00001D
lcd_8bit_set_cursor@row                  cstackCOMRAM 000019
lcd_convert_byte_to_string@index         cstackCOMRAM 000070
lcd_convert_byte_to_string@ret           cstackCOMRAM 00006F
lcd_convert_byte_to_string@str           cstackCOMRAM 00006C
lcd_convert_byte_to_string@value         cstackCOMRAM 00006E
mcal_layer_int@ret                       cstackCOMRAM 000026
memset@c                                 cstackCOMRAM 000003
memset@dest                              cstackCOMRAM 000001
memset@k                                 cstackCOMRAM 000009
memset@n                                 cstackCOMRAM 000005
memset@s                                 cstackCOMRAM 00000B
motor_intialize@motor                    cstackCOMRAM 00000F
motor_intialize@ret                      cstackCOMRAM 000011
motor_move@motor                         cstackCOMRAM 00000B
motor_move@ret                           cstackCOMRAM 00000D
pad@buf                                  cstackCOMRAM 000013
pad@fp                                   cstackCOMRAM 000011
pad@i                                    cstackCOMRAM 000018
pad@p                                    cstackCOMRAM 000015
pad@w                                    cstackCOMRAM 00001A
roundf@F527                              bssBANK0     0000B2
roundf@e                                 cstackCOMRAM 00004D
roundf@u                                 cstackCOMRAM 000053
roundf@x                                 cstackCOMRAM 000041
roundf@y                                 cstackCOMRAM 000057
send_8bit_enable_signal@lcd              cstackCOMRAM 00000B
send_8bit_enable_signal@ret              cstackCOMRAM 00000D
sprintf@ap                               cstackCOMRAM 00005F
sprintf@f                                cstackCOMRAM 000061
sprintf@fmt                              cstackCOMRAM 00005B
sprintf@s                                cstackCOMRAM 000059
stackhi                                  (abs)        000000
stacklo                                  (abs)        000000
start                                    init         000000
start_initialization                     cinit        003D8C
timer2_intialize@_timer                  cstackCOMRAM 000001
timer2_intialize@ret                     cstackCOMRAM 000004
vfpfcnvrt@ap                             cstackCOMRAM 000043
vfpfcnvrt@convarg                        cstackCOMRAM 000047
vfpfcnvrt@cp                             cstackCOMRAM 00004F
vfpfcnvrt@fmt                            cstackCOMRAM 000041
vfpfcnvrt@fp                             cstackCOMRAM 00003F
vfprintf@ap                              cstackCOMRAM 000055
vfprintf@cfmt                            cstackCOMRAM 000057
vfprintf@fmt                             cstackCOMRAM 000053
vfprintf@fp                              cstackCOMRAM 000051


MODULE INFORMATION

Module		Function		Class		Link	Load	Size
C:\Program Files\Microchip\xc8\v2.40\pic\sources\c99\common\sprcmul.c
		___flmul       		CODE           	14EA	0000	1066

C:\Program Files\Microchip\xc8\v2.40\pic\sources\c99\common\sprcmul.c estimated size: 1066

C:\Program Files\Microchip\xc8\v2.40\pic\sources\c99\common\nf_fputc.c
		_fputc         		CODE           	370A	0000	202

C:\Program Files\Microchip\xc8\v2.40\pic\sources\c99\common\nf_fputc.c estimated size: 202

C:\Program Files\Microchip\xc8\v2.40\pic\sources\c99\common\sprcdiv.c
		___fldiv       		CODE           	1CC2	0000	922

C:\Program Files\Microchip\xc8\v2.40\pic\sources\c99\common\sprcdiv.c estimated size: 922

C:\Program Files\Microchip\xc8\v2.40\pic\sources\c99\common\nf_sprintf.c
		_sprintf       		CODE           	3DEC	0000	78

C:\Program Files\Microchip\xc8\v2.40\pic\sources\c99\common\nf_sprintf.c estimated size: 78

ECU_Layer/ecu_layer_intialize.c
		_ecu_layer_int 		CODE           	4180	0000	30

ECU_Layer/ecu_layer_intialize.c estimated size: 30

C:\Program Files\Microchip\xc8\v2.40\pic\sources\c99\common\fltol.c
		___fltol       		CODE           	3184	0000	262

C:\Program Files\Microchip\xc8\v2.40\pic\sources\c99\common\fltol.c estimated size: 262

ECU_Layer/LCD/ecu_lcd.c
		_lcd_8bit_intialize		CODE           	2F46	0000	288
		_lcd_8bit_set_cursor		CODE           	3914	0000	154
		_lcd_8bit_send_char_pos		CODE           	4020	0000	64
		_send_8bit_enable_signal		CODE           	3E88	0000	74
		_lcd_convert_byte_to_string		CODE           	3878	0000	156
		_lcd_8bit_send_string		CODE           	39AE	0000	150
		_lcd_8bit_send_command		CODE           	3ACC	0000	136
		_lcd_8bit_send_string_pos		CODE           	3F5C	0000	68
		_lcd_8bit_send_char		CODE           	3A44	0000	136

ECU_Layer/LCD/ecu_lcd.c estimated size: 1226

ECU_Layer/DC_Motor/ecu_dc_motor.c
		_motor_intialize		CODE           	4098	0000	56
		_motor_move    		CODE           	3FA0	0000	64

ECU_Layer/DC_Motor/ecu_dc_motor.c estimated size: 120

C:\Program Files\Microchip\xc8\v2.40\pic\sources\c99\common\abs.c
		_abs           		CODE           	3FE0	0000	64

C:\Program Files\Microchip\xc8\v2.40\pic\sources\c99\common\abs.c estimated size: 64

MCAL_Layer/mcal_layer_intialize.c
		_mcal_layer_int		CODE           	4136	0000	42

MCAL_Layer/mcal_layer_intialize.c estimated size: 42

C:\Program Files\Microchip\xc8\v2.40\pic\sources\c99\common\__lldiv.c
		___lldiv       		CODE           	37D4	0000	164

C:\Program Files\Microchip\xc8\v2.40\pic\sources\c99\common\__lldiv.c estimated size: 164

MCAL_Layer/PWM/hal_pwm.c
		_CCP1_PWM_Set_Duty		CODE           	3066	0000	286
		_CCP1_PWM_Intialize		CODE           	338E	0000	230

MCAL_Layer/PWM/hal_pwm.c estimated size: 516

C:\Program Files\Microchip\xc8\v2.40\pic\sources\c99\common\sprcadd.c
		___flsub       		CODE           	3ED2	0000	70
		___fladd       		CODE           	102A	0000	1216

C:\Program Files\Microchip\xc8\v2.40\pic\sources\c99\common\sprcadd.c estimated size: 1286

C:\Program Files\Microchip\xc8\v2.40\pic\sources\c99\common\roundf.c
		_roundf        		CODE           	1914	0000	942

C:\Program Files\Microchip\xc8\v2.40\pic\sources\c99\common\roundf.c estimated size: 942

C:\Program Files\Microchip\xc8\v2.40\pic\sources\c99\common\Umul32.c
		___lmul        		CODE           	3D22	0000	106

C:\Program Files\Microchip\xc8\v2.40\pic\sources\c99\common\Umul32.c estimated size: 106

C:\Program Files\Microchip\xc8\v2.40\pic\sources\c99\common\flneg.c
		___flneg       		CODE           	4060	0000	56

C:\Program Files\Microchip\xc8\v2.40\pic\sources\c99\common\flneg.c estimated size: 56

C:\Program Files\Microchip\xc8\v2.40\pic\sources\c99\common\xxtofl.c
		___xxtofl      		CODE           	2574	0000	436

C:\Program Files\Microchip\xc8\v2.40\pic\sources\c99\common\xxtofl.c estimated size: 436

C:\Program Files\Microchip\xc8\v2.40\pic\sources\c99\common\nf_fputs.c
		_fputs         		CODE           	3F18	0000	68

C:\Program Files\Microchip\xc8\v2.40\pic\sources\c99\common\nf_fputs.c estimated size: 68

C:\Program Files\Microchip\xc8\v2.40\pic\sources\c99\common\aomod.c
		___aomod       		CODE           	2A26	0000	356

C:\Program Files\Microchip\xc8\v2.40\pic\sources\c99\common\aomod.c estimated size: 356

shared
		__initialization		CODE           	3D8C	0000	86
		_toint         		SMALLCONST     	0000	0000	0

shared estimated size: 86

MCAL_Layer/ADC/hal_adc.c
		_ADC_intialize 		CODE           	363C	0000	206
		_ADC_startConversion		CODE           	4160	0000	32
		_ADC_selectChannel		CODE           	40D0	0000	52
		_ADC_getConversionBlocking		CODE           	3C42	0000	116
		_ADC_Configure_Channel_pin		CODE           	3474	0000	230
		_ADC_getConversionResult		CODE           	355A	0000	226

MCAL_Layer/ADC/hal_adc.c estimated size: 862

C:\Program Files\Microchip\xc8\v2.40\pic\sources\c99\common\flge.c
		___flge        		CODE           	328A	0000	260

C:\Program Files\Microchip\xc8\v2.40\pic\sources\c99\common\flge.c estimated size: 260

C:\Program Files\Microchip\xc8\v2.40\pic\sources\c99\common\memset.c
		_memset        		CODE           	28B0	0000	374

C:\Program Files\Microchip\xc8\v2.40\pic\sources\c99\common\memset.c estimated size: 374

MCAL_Layer/GPIO/hal_gpio.c
		_gpio_pin_write_logic		CODE           	2E1A	0000	300
		_gpio_pin_intialize		CODE           	3CB6	0000	108
		_gpio_pin_direction_intialize		CODE           	2CD6	0000	324

MCAL_Layer/GPIO/hal_gpio.c estimated size: 732

C:\Program Files\Microchip\xc8\v2.40\pic\sources\c99\common\putch.c
		_putch         		CODE           	41B0	0000	2

C:\Program Files\Microchip\xc8\v2.40\pic\sources\c99\common\putch.c estimated size: 2

C:\Program Files\Microchip\xc8\v2.40\pic\sources\c99\common\doprnt.c
		_vfpfcnvrt     		CODE           	2B8A	0000	332
		_pad           		CODE           	3B54	0000	122
		_dtoa          		CODE           	22F8	0000	636
		_vfprintf      		CODE           	3E3A	0000	78

C:\Program Files\Microchip\xc8\v2.40\pic\sources\c99\common\doprnt.c estimated size: 1168

application.c
		_main          		CODE           	205C	0000	668
		_application_intialize		CODE           	419E	0000	14

application.c estimated size: 682

MCAL_Layer/Timer2/hal_timer2.c
		_timer2_intialize		CODE           	3BCE	0000	116

MCAL_Layer/Timer2/hal_timer2.c estimated size: 116

C:\Program Files\Microchip\xc8\v2.40\pic\sources\c99\common\aodiv.c
		___aodiv       		CODE           	2728	0000	392

C:\Program Files\Microchip\xc8\v2.40\pic\sources\c99\common\aodiv.c estimated size: 392

